exports[`test Rendered output matches previously created snapshot 1`] = `
<div
  className="card mb-2">
  <div
    className="card-block">
    <h5
      className="card-title">
      <span
        className="fa fa-files-o" />
      Finance Vix Package
    </h5>
    <h6>
      [
      finance-vix
      ]
    </h6>
    <div
      className="panel-body">
      <p>
        Awesome package
      </p>
    </div>
    <div
      className="show-grid clearfix row">
      <div
        className="col-sm-2">
        <img
          className="img-fluid rounded-circle"
          src="https://avatars3.githubusercontent.com/u/22451011?v=3&s=200" />
      </div>
      <div
        className="align-self-center col-sm-6">
        <small>
          <a
            onClick={[Function]}
            style={Object {}}>
            by:
            publisher
          </a>
        </small>
      </div>
      <div
        className="pull-right align-self-center col-sm-4">
        <button
          className="btn btn-xs btn-default"
          disabled={false}
          type="button">
          <a
            onClick={[Function]}
            style={Object {}}>
            Explore
          </a>
        </button>
      </div>
    </div>
  </div>
</div>
`;
