exports[`test Rendered output matches previously created snapshot 1`] = `
<nav
  className="navbar navbar-light bg-faded mb-5 navbar navbar-default"
  role="navigation">
  <div
    className="container">
    <div
      className="container">
      <div
        className="navbar-header">
        <a
          className="navbar-brand"
          href="/">
          <img
            alt="Brand"
            src="test-file-stub" />
        </a>
      </div>
    </div>
  </div>
</nav>
`;
