exports[`test Rendered output matches previously created snapshot 1`] = `
<div>
  <div
    className="d-flex justify-content-center mb-4">
    <h1>
      Welcome to Data Package Registry
    </h1>
  </div>
  <div
    className="d-flex justify-content-center">
    <a
      className="btn btn-secondary"
      onClick={[Function]}
      style={Object {}}>
      Core Data Package
    </a>
  </div>
</div>
`;
